INFO  11:38:45,530 - Compiling source file: C:\Users\Petar\Desktop\np150264d - pp\pp1lab.templateAST\workspace\MJCompiler\test\test302.mj
INFO  11:38:45,595 - #2 program
INFO  11:38:45,595 - #43 test302
INFO  11:38:45,595 - #11 const
INFO  11:38:45,596 - #43 int
INFO  11:38:45,596 - #43 jedan
INFO  11:38:45,597 - #12 =
INFO  11:38:45,597 - #42 1
INFO  11:38:45,597 - #3 ;
INFO  11:38:45,598 - #43 int
INFO  11:38:45,598 - #43 i
INFO  11:38:45,598 - #3 ;
INFO  11:38:45,599 - #43 bool
INFO  11:38:45,599 - #43 ibool
INFO  11:38:45,599 - #3 ;
INFO  11:38:45,600 - #43 int
INFO  11:38:45,600 - #43 niz
INFO  11:38:45,600 - #5 [
INFO  11:38:45,600 - #6 ]
INFO  11:38:45,600 - #3 ;
INFO  11:38:45,600 - #7 {
INFO  11:38:45,601 - #43 int
INFO  11:38:45,668 - #43 sum
INFO  11:38:45,668 - #9 (
INFO  11:38:45,673 - #43 int
INFO  11:38:45,673 - #43 z
INFO  11:38:45,676 - #4 ,
INFO  11:38:45,676 - #43 int
INFO  11:38:45,676 - #43 d
INFO  11:38:45,678 - #10 )
INFO  11:38:45,678 - #7 {
INFO  11:38:45,680 - #22 return
INFO  11:38:45,680 - #43 z
INFO  11:38:45,680 - #38 +
INFO  11:38:45,681 - #43 d
INFO  11:38:45,684 - #3 ;
INFO  11:38:45,684 - #8 }
INFO  11:38:45,685 - #43 int
INFO  11:38:45,687 - #43 inkrement
INFO  11:38:45,687 - #9 (
INFO  11:38:45,687 - #43 int
INFO  11:38:45,687 - #43 a
INFO  11:38:45,687 - #4 ,
INFO  11:38:45,688 - #43 int
INFO  11:38:45,688 - #43 inc
INFO  11:38:45,688 - #10 )
INFO  11:38:45,688 - #43 int
INFO  11:38:45,688 - #43 pom
INFO  11:38:45,689 - #3 ;
INFO  11:38:45,689 - #7 {
INFO  11:38:45,689 - #17 if
INFO  11:38:45,690 - #9 (
INFO  11:38:45,690 - #43 inc
INFO  11:38:45,690 - #32 ==
INFO  11:38:45,690 - #43 jedan
INFO  11:38:45,692 - #10 )
INFO  11:38:45,693 - #43 pom
INFO  11:38:45,694 - #12 =
INFO  11:38:45,694 - #42 1
INFO  11:38:45,694 - #3 ;
INFO  11:38:45,696 - #18 else
INFO  11:38:45,696 - #17 if
INFO  11:38:45,696 - #9 (
INFO  11:38:45,697 - #43 inc
INFO  11:38:45,697 - #32 ==
INFO  11:38:45,697 - #42 2
INFO  11:38:45,697 - #10 )
INFO  11:38:45,697 - #43 pom
INFO  11:38:45,698 - #12 =
INFO  11:38:45,698 - #43 a
INFO  11:38:45,698 - #3 ;
INFO  11:38:45,698 - #22 return
INFO  11:38:45,699 - #43 sum
INFO  11:38:45,699 - #9 (
INFO  11:38:45,699 - #43 a
INFO  11:38:45,699 - #4 ,
INFO  11:38:45,699 - #43 pom
INFO  11:38:45,699 - #10 )
INFO  11:38:45,700 - #3 ;
INFO  11:38:45,700 - #8 }
INFO  11:38:45,701 - #43 bool
INFO  11:38:45,701 - #43 verify
INFO  11:38:45,701 - #9 (
INFO  11:38:45,701 - #10 )
INFO  11:38:45,702 - #7 {
INFO  11:38:45,702 - #24 print
INFO  11:38:45,702 - #9 (
INFO  11:38:45,703 - #44 v
INFO  11:38:45,703 - #10 )
INFO  11:38:45,703 - #3 ;
INFO  11:38:45,703 - #22 return
INFO  11:38:45,703 - #45 false
INFO  11:38:45,704 - #3 ;
INFO  11:38:45,705 - #8 }
INFO  11:38:45,705 - #13 void
INFO  11:38:45,705 - #43 main
INFO  11:38:45,705 - #9 (
INFO  11:38:45,705 - #10 )
INFO  11:38:45,706 - #7 {
INFO  11:38:45,706 - #17 if
INFO  11:38:45,706 - #9 (
INFO  11:38:45,706 - #42 1
INFO  11:38:45,706 - #33 !=
INFO  11:38:45,706 - #42 1
INFO  11:38:45,706 - #10 )
INFO  11:38:45,706 - #24 print
INFO  11:38:45,707 - #9 (
INFO  11:38:45,707 - #39 -
INFO  11:38:45,707 - #42 6
INFO  11:38:45,707 - #10 )
INFO  11:38:45,707 - #3 ;
INFO  11:38:45,707 - #18 else
INFO  11:38:45,707 - #24 print
INFO  11:38:45,707 - #9 (
INFO  11:38:45,708 - #42 0
INFO  11:38:45,708 - #10 )
INFO  11:38:45,708 - #3 ;
INFO  11:38:45,708 - #43 ibool
INFO  11:38:45,708 - #12 =
INFO  11:38:45,708 - #45 false
INFO  11:38:45,709 - #3 ;
INFO  11:38:45,709 - #43 i
INFO  11:38:45,709 - #12 =
INFO  11:38:45,710 - #42 0
INFO  11:38:45,710 - #3 ;
INFO  11:38:45,710 - #19 for
INFO  11:38:45,710 - #9 (
INFO  11:38:45,711 - #43 i
INFO  11:38:45,711 - #12 =
INFO  11:38:45,712 - #42 0
INFO  11:38:45,712 - #3 ;
INFO  11:38:45,712 - #43 i
INFO  11:38:45,712 - #36 <
INFO  11:38:45,712 - #42 5
INFO  11:38:45,713 - #3 ;
INFO  11:38:45,713 - #43 i
INFO  11:38:45,713 - #27 ++
INFO  11:38:45,713 - #10 )
INFO  11:38:45,715 - #7 {
INFO  11:38:45,715 - #17 if
INFO  11:38:45,715 - #9 (
INFO  11:38:45,715 - #43 i
INFO  11:38:45,715 - #32 ==
INFO  11:38:45,716 - #42 2
INFO  11:38:45,716 - #10 )
INFO  11:38:45,716 - #43 ibool
INFO  11:38:45,716 - #12 =
INFO  11:38:45,716 - #45 true
INFO  11:38:45,716 - #3 ;
INFO  11:38:45,716 - #8 }
INFO  11:38:45,717 - #17 if
INFO  11:38:45,717 - #9 (
INFO  11:38:45,717 - #43 ibool
INFO  11:38:45,717 - #10 )
INFO  11:38:45,718 - #17 if
INFO  11:38:45,718 - #9 (
INFO  11:38:45,718 - #43 i
INFO  11:38:45,718 - #32 ==
INFO  11:38:45,718 - #42 5
INFO  11:38:45,718 - #10 )
INFO  11:38:45,718 - #24 print
INFO  11:38:45,718 - #9 (
INFO  11:38:45,718 - #42 1
INFO  11:38:45,719 - #10 )
INFO  11:38:45,719 - #3 ;
INFO  11:38:45,719 - #18 else
INFO  11:38:45,719 - #24 print
INFO  11:38:45,719 - #9 (
INFO  11:38:45,719 - #39 -
INFO  11:38:45,719 - #42 1
INFO  11:38:45,719 - #10 )
INFO  11:38:45,720 - #3 ;
INFO  11:38:45,720 - #43 niz
INFO  11:38:45,720 - #12 =
INFO  11:38:45,720 - #25 new
INFO  11:38:45,721 - #43 int
INFO  11:38:45,721 - #5 [
INFO  11:38:45,721 - #42 3
INFO  11:38:45,721 - #6 ]
INFO  11:38:45,721 - #3 ;
INFO  11:38:45,722 - #43 niz
INFO  11:38:45,722 - #5 [
INFO  11:38:45,722 - #42 0
INFO  11:38:45,722 - #6 ]
INFO  11:38:45,722 - #12 =
INFO  11:38:45,722 - #42 1
INFO  11:38:45,722 - #3 ;
INFO  11:38:45,722 - #43 niz
INFO  11:38:45,723 - #5 [
INFO  11:38:45,723 - #42 1
INFO  11:38:45,723 - #6 ]
INFO  11:38:45,723 - #12 =
INFO  11:38:45,723 - #42 2
INFO  11:38:45,723 - #3 ;
INFO  11:38:45,723 - #43 niz
INFO  11:38:45,723 - #5 [
INFO  11:38:45,723 - #42 2
INFO  11:38:45,723 - #6 ]
INFO  11:38:45,725 - #12 =
INFO  11:38:45,725 - #43 sum
INFO  11:38:45,725 - #9 (
INFO  11:38:45,725 - #43 niz
INFO  11:38:45,725 - #5 [
INFO  11:38:45,725 - #42 1
INFO  11:38:45,725 - #6 ]
INFO  11:38:45,726 - #4 ,
INFO  11:38:45,726 - #43 niz
INFO  11:38:45,726 - #5 [
INFO  11:38:45,726 - #42 0
INFO  11:38:45,726 - #6 ]
INFO  11:38:45,726 - #10 )
INFO  11:38:45,727 - #38 +
INFO  11:38:45,727 - #42 1
INFO  11:38:45,727 - #3 ;
INFO  11:38:45,727 - #17 if
INFO  11:38:45,727 - #9 (
INFO  11:38:45,727 - #43 niz
INFO  11:38:45,727 - #5 [
INFO  11:38:45,727 - #42 2
INFO  11:38:45,728 - #6 ]
INFO  11:38:45,728 - #32 ==
INFO  11:38:45,728 - #42 4
INFO  11:38:45,728 - #40 ||
INFO  11:38:45,728 - #43 verify
INFO  11:38:45,728 - #9 (
INFO  11:38:45,728 - #10 )
INFO  11:38:45,728 - #10 )
INFO  11:38:45,730 - #24 print
INFO  11:38:45,730 - #9 (
INFO  11:38:45,730 - #43 ord
INFO  11:38:45,730 - #9 (
INFO  11:38:45,730 - #44 A
INFO  11:38:45,730 - #10 )
INFO  11:38:45,731 - #10 )
INFO  11:38:45,731 - #3 ;
INFO  11:38:45,731 - #18 else
INFO  11:38:45,731 - #24 print
INFO  11:38:45,731 - #9 (
INFO  11:38:45,731 - #43 ord
INFO  11:38:45,731 - #9 (
INFO  11:38:45,731 - #44 a
INFO  11:38:45,731 - #10 )
INFO  11:38:45,731 - #10 )
INFO  11:38:45,732 - #3 ;
INFO  11:38:45,732 - #24 print
INFO  11:38:45,732 - #9 (
INFO  11:38:45,732 - #43 eol
INFO  11:38:45,732 - #10 )
INFO  11:38:45,732 - #3 ;
INFO  11:38:45,732 - #43 i
INFO  11:38:45,733 - #12 =
INFO  11:38:45,733 - #42 0
INFO  11:38:45,733 - #3 ;
INFO  11:38:45,733 - #19 for
INFO  11:38:45,733 - #9 (
INFO  11:38:45,733 - #3 ;
INFO  11:38:45,735 - #43 i
INFO  11:38:45,735 - #36 <
INFO  11:38:45,735 - #42 10
INFO  11:38:45,735 - #3 ;
INFO  11:38:45,735 - #10 )
INFO  11:38:45,735 - #7 {
INFO  11:38:45,735 - #17 if
INFO  11:38:45,735 - #9 (
INFO  11:38:45,735 - #43 i
INFO  11:38:45,736 - #32 ==
INFO  11:38:45,736 - #42 3
INFO  11:38:45,737 - #10 )
INFO  11:38:45,737 - #7 {
INFO  11:38:45,737 - #43 i
INFO  11:38:45,737 - #27 ++
INFO  11:38:45,737 - #3 ;
INFO  11:38:45,737 - #21 continue
INFO  11:38:45,737 - #3 ;
INFO  11:38:45,737 - #8 }
INFO  11:38:45,738 - #17 if
INFO  11:38:45,738 - #9 (
INFO  11:38:45,739 - #43 i
INFO  11:38:45,739 - #32 ==
INFO  11:38:45,739 - #42 4
INFO  11:38:45,739 - #10 )
INFO  11:38:45,739 - #20 break
INFO  11:38:45,739 - #3 ;
INFO  11:38:45,739 - #43 i
INFO  11:38:45,740 - #12 =
INFO  11:38:45,740 - #43 inkrement
INFO  11:38:45,740 - #9 (
INFO  11:38:45,740 - #43 i
INFO  11:38:45,740 - #4 ,
INFO  11:38:45,740 - #42 1
INFO  11:38:45,740 - #10 )
INFO  11:38:45,742 - #3 ;
INFO  11:38:45,742 - #8 }
INFO  11:38:45,742 - #17 if
INFO  11:38:45,742 - #9 (
INFO  11:38:45,742 - #43 i
INFO  11:38:45,747 - #32 ==
INFO  11:38:45,747 - #42 3
INFO  11:38:45,747 - #41 &&
INFO  11:38:45,747 - #43 verify
INFO  11:38:45,747 - #9 (
INFO  11:38:45,747 - #10 )
INFO  11:38:45,747 - #10 )
INFO  11:38:45,747 - #24 print
INFO  11:38:45,747 - #9 (
INFO  11:38:45,748 - #42 4
INFO  11:38:45,748 - #10 )
INFO  11:38:45,748 - #3 ;
INFO  11:38:45,748 - #18 else
INFO  11:38:45,748 - #24 print
INFO  11:38:45,748 - #9 (
INFO  11:38:45,748 - #39 -
INFO  11:38:45,748 - #42 4
INFO  11:38:45,748 - #10 )
INFO  11:38:45,748 - #3 ;
INFO  11:38:45,748 - #23 read
INFO  11:38:45,748 - #9 (
INFO  11:38:45,748 - #43 niz
INFO  11:38:45,748 - #5 [
INFO  11:38:45,748 - #42 0
INFO  11:38:45,748 - #6 ]
INFO  11:38:45,748 - #10 )
INFO  11:38:45,749 - #3 ;
INFO  11:38:45,749 - #23 read
INFO  11:38:45,749 - #9 (
INFO  11:38:45,749 - #43 niz
INFO  11:38:45,749 - #5 [
INFO  11:38:45,749 - #42 1
INFO  11:38:45,749 - #6 ]
INFO  11:38:45,749 - #10 )
INFO  11:38:45,749 - #3 ;
INFO  11:38:45,749 - #23 read
INFO  11:38:45,750 - #9 (
INFO  11:38:45,750 - #43 niz
INFO  11:38:45,750 - #5 [
INFO  11:38:45,750 - #42 2
INFO  11:38:45,750 - #6 ]
INFO  11:38:45,750 - #10 )
INFO  11:38:45,750 - #3 ;
INFO  11:38:45,750 - #24 print
INFO  11:38:45,750 - #9 (
INFO  11:38:45,750 - #43 eol
INFO  11:38:45,750 - #10 )
INFO  11:38:45,750 - #3 ;
INFO  11:38:45,751 - #24 print
INFO  11:38:45,751 - #9 (
INFO  11:38:45,751 - #43 sum
INFO  11:38:45,751 - #9 (
INFO  11:38:45,751 - #43 sum
INFO  11:38:45,751 - #9 (
INFO  11:38:45,751 - #43 niz
INFO  11:38:45,751 - #5 [
INFO  11:38:45,752 - #42 0
INFO  11:38:45,752 - #6 ]
INFO  11:38:45,752 - #4 ,
INFO  11:38:45,753 - #43 niz
INFO  11:38:45,753 - #5 [
INFO  11:38:45,753 - #42 1
INFO  11:38:45,753 - #6 ]
INFO  11:38:45,753 - #10 )
INFO  11:38:45,753 - #4 ,
INFO  11:38:45,753 - #43 niz
INFO  11:38:45,754 - #5 [
INFO  11:38:45,754 - #42 2
INFO  11:38:45,754 - #6 ]
INFO  11:38:45,754 - #10 )
INFO  11:38:45,754 - #10 )
INFO  11:38:45,754 - #3 ;
INFO  11:38:45,754 - #24 print
INFO  11:38:45,755 - #9 (
INFO  11:38:45,755 - #43 eol
INFO  11:38:45,755 - #10 )
INFO  11:38:45,755 - #3 ;
INFO  11:38:45,755 - #24 print
INFO  11:38:45,755 - #9 (
INFO  11:38:45,755 - #43 inkrement
INFO  11:38:45,755 - #9 (
INFO  11:38:45,756 - #43 niz
INFO  11:38:45,756 - #5 [
INFO  11:38:45,756 - #42 2
INFO  11:38:45,756 - #6 ]
INFO  11:38:45,756 - #4 ,
INFO  11:38:45,756 - #42 2
INFO  11:38:45,756 - #10 )
INFO  11:38:45,757 - #10 )
INFO  11:38:45,757 - #3 ;
INFO  11:38:45,757 - #8 }
INFO  11:38:45,757 - #8 }
INFO  11:38:45,781 - Deklarisana konstanta jedan na liniji 5
INFO  11:38:45,786 - Deklarisana promenljiva i na liniji 7
INFO  11:38:45,786 - Povratna vrednost deklarisane promenljive je int na liniji 7
INFO  11:38:45,786 - Deklarisana promenljiva ibool na liniji 8
INFO  11:38:45,786 - Povratna vrednost deklarisane promenljive je bool na liniji 8
INFO  11:38:45,786 - Deklarisan niz niz na liniji 10
INFO  11:38:45,786 - Povratna vrednost deklarisane promenljive je int na liniji 10
INFO  11:38:45,786 - Obradjuje se funkcija sum na liniji 13
INFO  11:38:45,786 - Deklarisana promenjiva kao parametar : z tipa : int na liniji 13
INFO  11:38:45,786 - Deklarisana promenjiva kao parametar : d tipa : int na liniji 13
INFO  11:38:45,787 - Obradjuje se funkcija inkrement na liniji 18
INFO  11:38:45,787 - Deklarisana promenjiva kao parametar : a tipa : int na liniji 18
INFO  11:38:45,787 - Deklarisana promenjiva kao parametar : inc tipa : int na liniji 18
INFO  11:38:45,787 - Deklarisana promenljiva pom na liniji 18
INFO  11:38:45,787 - Povratna vrednost deklarisane promenljive je int na liniji 18
INFO  11:38:45,787 - Pronadjen poziv funkcije sum na liniji 23
INFO  11:38:45,788 - Obradjuje se funkcija verify na liniji 26
INFO  11:38:45,788 - Prepoznata naredba print
INFO  11:38:45,788 - Obradjuje se void funkcija main na liniji 31
INFO  11:38:45,788 - Prepoznata naredba print
INFO  11:38:45,788 - Prepoznata naredba print
INFO  11:38:45,789 - Prepoznata naredba print
INFO  11:38:45,789 - Prepoznata naredba print
INFO  11:38:45,789 - New operator za niz! na liniji 47
INFO  11:38:45,789 - Pronadjen poziv funkcije sum na liniji 50
INFO  11:38:45,789 - Pronadjen poziv procedure verify na liniji 51
INFO  11:38:45,789 - Pronadjen poziv funkcije ord na liniji 51
INFO  11:38:45,789 - Prepoznata naredba print
INFO  11:38:45,789 - Pronadjen poziv funkcije ord na liniji 52
INFO  11:38:45,789 - Prepoznata naredba print
INFO  11:38:45,789 - Prepoznata naredba print
INFO  11:38:45,789 - Pronadjen poziv funkcije inkrement na liniji 64
INFO  11:38:45,789 - Pronadjen poziv procedure verify na liniji 67
INFO  11:38:45,789 - Prepoznata naredba print
INFO  11:38:45,789 - Prepoznata naredba print
INFO  11:38:45,789 - Prepoznata naredba print
INFO  11:38:45,789 - Pronadjen poziv funkcije sum na liniji 75
INFO  11:38:45,790 - Pronadjen poziv funkcije sum na liniji 75
INFO  11:38:45,790 - Prepoznata naredba print
INFO  11:38:45,790 - Prepoznata naredba print
INFO  11:38:45,790 - Pronadjen poziv funkcije inkrement na liniji 78
INFO  11:38:45,790 - Prepoznata naredba print
INFO  11:38:45,790 - Nadjena main metoda
INFO  11:38:45,790 - Print calls = 14
INFO  11:38:45,793 - Generating bytecode file: C:\Users\Petar\Desktop\np150264d - pp\pp1lab.templateAST\workspace\MJCompiler\test\test302.obj
INFO  11:38:45,814 - Parsiranje uspesno zavrseno!
